----------------------------------------------------------
Resuming Training from Epoch: 1
----------------------------------------------------------
==========================================================
Starting Meta-Training Epoch: 1 / 30
==========================================================
Using Seed: 43
Curriculum Action Scale: 1.0000 (Range: 1.0 -> 2.0)
Epoch 1: Initializing fresh RL Agent.
Starting script
Starting script
Starting script
Starting script
Starting script
Starting script
Starting script
Starting script
Initializing RL_AdamW_Wrapper with max_lr=0.003, min_lr=0.00030000000000000003
Warning: num_training_steps (11000) is not divisible by cycle_length (65000). Setting cycle_length to num_training_steps to avoid restarts.
Initializing RL_AdamW_Wrapper with max_lr=0.003, min_lr=0.00030000000000000003
Initializing RL_AdamW_Wrapper with max_lr=0.003, min_lr=0.00030000000000000003
Warning: num_training_steps (11000) is not divisible by cycle_length (65000). Setting cycle_length to num_training_steps to avoid restarts.
Warning: num_training_steps (11000) is not divisible by cycle_length (65000). Setting cycle_length to num_training_steps to avoid restarts.
Initializing RL_AdamW_Wrapper with max_lr=0.003, min_lr=0.00030000000000000003
Warning: num_training_steps (11000) is not divisible by cycle_length (65000). Setting cycle_length to num_training_steps to avoid restarts.
Initializing RL_AdamW_Wrapper with max_lr=0.003, min_lr=0.00030000000000000003
Warning: num_training_steps (11000) is not divisible by cycle_length (65000). Setting cycle_length to num_training_steps to avoid restarts.
Initializing RL_AdamW_Wrapper with max_lr=0.003, min_lr=0.00030000000000000003
Warning: num_training_steps (11000) is not divisible by cycle_length (65000). Setting cycle_length to num_training_steps to avoid restarts.
Initializing RL_AdamW_Wrapper with max_lr=0.003, min_lr=0.00030000000000000003
Warning: num_training_steps (11000) is not divisible by cycle_length (65000). Setting cycle_length to num_training_steps to avoid restarts.
Initializing RL_AdamW_Wrapper with max_lr=0.003, min_lr=0.00030000000000000003
RL Optimizer: Controlling 75 tensors individually.
Warning: num_training_steps (11000) is not divisible by cycle_length (65000). Setting cycle_length to num_training_steps to avoid restarts.
Rank 4 stopping training.
Rank 3 stopping training.Rank 1 stopping training.

Rank 2 stopping training.Rank 7 stopping training.

Rank 6 stopping training.Rank 5 stopping training.

Rank 0 stopping training.
Rank 5 finished successfully
Rank 3 finished successfullyRank 1 finished successfullyRank 4 finished successfullyRank 2 finished successfully



Rank 7 finished successfully
Rank 6 finished successfully
Rank 0 finished successfully
[1;34mwandb[0m: 
[1;34mwandb[0m: 🚀 View run [33mrl_adamw_meta_epoch1[0m at: [34m[0m
[1;34mwandb[0m: Find logs at: [1;35mwandb/run-20251218_054107-gowfrw6s/logs[0m
✅ Epoch 1 completed successfully.
Success: Found output agent checkpoints/rl_agents_meta_run/agent_epoch1_final.pth
Epoch 1 finished.
----------------------------------------------------------
==========================================================
Starting Meta-Training Epoch: 2 / 30
==========================================================
Using Seed: 44
Curriculum Action Scale: 1.0526 (Range: 1.0 -> 2.0)
Epoch 2: Loading RL Agent from checkpoints/rl_agents_meta_run/agent_epoch1_final.pth
Starting script
Starting script
Starting script
Starting script
Starting script
Starting script
Starting script
Starting script
Initializing RL_AdamW_Wrapper with max_lr=0.003, min_lr=0.00030000000000000003
Warning: num_training_steps (11000) is not divisible by cycle_length (65000). Setting cycle_length to num_training_steps to avoid restarts.
Initializing RL_AdamW_Wrapper with max_lr=0.003, min_lr=0.00030000000000000003
Warning: num_training_steps (11000) is not divisible by cycle_length (65000). Setting cycle_length to num_training_steps to avoid restarts.
Initializing RL_AdamW_Wrapper with max_lr=0.003, min_lr=0.00030000000000000003
Warning: num_training_steps (11000) is not divisible by cycle_length (65000). Setting cycle_length to num_training_steps to avoid restarts.
Initializing RL_AdamW_Wrapper with max_lr=0.003, min_lr=0.00030000000000000003
Warning: num_training_steps (11000) is not divisible by cycle_length (65000). Setting cycle_length to num_training_steps to avoid restarts.
Initializing RL_AdamW_Wrapper with max_lr=0.003, min_lr=0.00030000000000000003
Warning: num_training_steps (11000) is not divisible by cycle_length (65000). Setting cycle_length to num_training_steps to avoid restarts.
Initializing RL_AdamW_Wrapper with max_lr=0.003, min_lr=0.00030000000000000003
Warning: num_training_steps (11000) is not divisible by cycle_length (65000). Setting cycle_length to num_training_steps to avoid restarts.
Initializing RL_AdamW_Wrapper with max_lr=0.003, min_lr=0.00030000000000000003
Warning: num_training_steps (11000) is not divisible by cycle_length (65000). Setting cycle_length to num_training_steps to avoid restarts.
Initializing RL_AdamW_Wrapper with max_lr=0.003, min_lr=0.00030000000000000003
RL Optimizer: Controlling 75 tensors individually.
SUCCESS: Loaded RL Agent from checkpoints/rl_agents_meta_run/agent_epoch1_final.pth
Warning: num_training_steps (11000) is not divisible by cycle_length (65000). Setting cycle_length to num_training_steps to avoid restarts.
Rank 4 stopping training.
Rank 2 stopping training.Rank 7 stopping training.Rank 3 stopping training.


Rank 1 stopping training.Rank 5 stopping training.

Rank 6 stopping training.
Rank 0 stopping training.
Rank 5 finished successfully
Rank 1 finished successfully
Rank 4 finished successfully
Rank 7 finished successfully
Rank 3 finished successfullyRank 2 finished successfully

Rank 6 finished successfully
Rank 0 finished successfully
[1;34mwandb[0m: 
[1;34mwandb[0m: 🚀 View run [33mrl_adamw_meta_epoch2[0m at: [34m[0m
[1;34mwandb[0m: Find logs at: [1;35mwandb/run-20251218_061851-an9bwmjo/logs[0m
✅ Epoch 2 completed successfully.
Success: Found output agent checkpoints/rl_agents_meta_run/agent_epoch2_final.pth
Epoch 2 finished.
----------------------------------------------------------
==========================================================
Starting Meta-Training Epoch: 3 / 30
==========================================================
Using Seed: 45
Curriculum Action Scale: 1.1053 (Range: 1.0 -> 2.0)
Epoch 3: Loading RL Agent from checkpoints/rl_agents_meta_run/agent_epoch2_final.pth
Starting script
Starting script
Starting script
Starting script
Starting script
Starting script
Starting script
Starting script
Initializing RL_AdamW_Wrapper with max_lr=0.003, min_lr=0.00030000000000000003
Warning: num_training_steps (11000) is not divisible by cycle_length (65000). Setting cycle_length to num_training_steps to avoid restarts.
Initializing RL_AdamW_Wrapper with max_lr=0.003, min_lr=0.00030000000000000003
Warning: num_training_steps (11000) is not divisible by cycle_length (65000). Setting cycle_length to num_training_steps to avoid restarts.
Initializing RL_AdamW_Wrapper with max_lr=0.003, min_lr=0.00030000000000000003
Warning: num_training_steps (11000) is not divisible by cycle_length (65000). Setting cycle_length to num_training_steps to avoid restarts.
Initializing RL_AdamW_Wrapper with max_lr=0.003, min_lr=0.00030000000000000003
Warning: num_training_steps (11000) is not divisible by cycle_length (65000). Setting cycle_length to num_training_steps to avoid restarts.
Initializing RL_AdamW_Wrapper with max_lr=0.003, min_lr=0.00030000000000000003
Warning: num_training_steps (11000) is not divisible by cycle_length (65000). Setting cycle_length to num_training_steps to avoid restarts.
Initializing RL_AdamW_Wrapper with max_lr=0.003, min_lr=0.00030000000000000003
Warning: num_training_steps (11000) is not divisible by cycle_length (65000). Setting cycle_length to num_training_steps to avoid restarts.
Initializing RL_AdamW_Wrapper with max_lr=0.003, min_lr=0.00030000000000000003
RL Optimizer: Controlling 75 tensors individually.
SUCCESS: Loaded RL Agent from checkpoints/rl_agents_meta_run/agent_epoch2_final.pth
Warning: num_training_steps (11000) is not divisible by cycle_length (65000). Setting cycle_length to num_training_steps to avoid restarts.
Initializing RL_AdamW_Wrapper with max_lr=0.003, min_lr=0.00030000000000000003
Warning: num_training_steps (11000) is not divisible by cycle_length (65000). Setting cycle_length to num_training_steps to avoid restarts.
Rank 4 stopping training.
Rank 3 stopping training.Rank 6 stopping training.

Rank 1 stopping training.
Rank 2 stopping training.
Rank 7 stopping training.
Rank 5 stopping training.
Rank 0 stopping training.
Rank 3 finished successfullyRank 2 finished successfully

Rank 4 finished successfullyRank 5 finished successfully
Rank 6 finished successfullyRank 7 finished successfully


Rank 1 finished successfully
Rank 0 finished successfully
[1;34mwandb[0m: 
[1;34mwandb[0m: 🚀 View run [33mrl_adamw_meta_epoch3[0m at: [34m[0m
[1;34mwandb[0m: Find logs at: [1;35mwandb/run-20251218_065235-az6q12q7/logs[0m
✅ Epoch 3 completed successfully.
Success: Found output agent checkpoints/rl_agents_meta_run/agent_epoch3_final.pth
Epoch 3 finished.
----------------------------------------------------------
==========================================================
Starting Meta-Training Epoch: 4 / 30
==========================================================
Using Seed: 46
Curriculum Action Scale: 1.1579 (Range: 1.0 -> 2.0)
Epoch 4: Loading RL Agent from checkpoints/rl_agents_meta_run/agent_epoch3_final.pth
Starting script
Starting script
Starting script
Starting script
Starting script
Starting script
Starting script
Starting script
Initializing RL_AdamW_Wrapper with max_lr=0.003, min_lr=0.00030000000000000003
Initializing RL_AdamW_Wrapper with max_lr=0.003, min_lr=0.00030000000000000003
Warning: num_training_steps (11000) is not divisible by cycle_length (65000). Setting cycle_length to num_training_steps to avoid restarts.
Warning: num_training_steps (11000) is not divisible by cycle_length (65000). Setting cycle_length to num_training_steps to avoid restarts.
Initializing RL_AdamW_Wrapper with max_lr=0.003, min_lr=0.00030000000000000003
Warning: num_training_steps (11000) is not divisible by cycle_length (65000). Setting cycle_length to num_training_steps to avoid restarts.
Initializing RL_AdamW_Wrapper with max_lr=0.003, min_lr=0.00030000000000000003
Warning: num_training_steps (11000) is not divisible by cycle_length (65000). Setting cycle_length to num_training_steps to avoid restarts.
Initializing RL_AdamW_Wrapper with max_lr=0.003, min_lr=0.00030000000000000003
Warning: num_training_steps (11000) is not divisible by cycle_length (65000). Setting cycle_length to num_training_steps to avoid restarts.
Initializing RL_AdamW_Wrapper with max_lr=0.003, min_lr=0.00030000000000000003
Warning: num_training_steps (11000) is not divisible by cycle_length (65000). Setting cycle_length to num_training_steps to avoid restarts.
Initializing RL_AdamW_Wrapper with max_lr=0.003, min_lr=0.00030000000000000003
Warning: num_training_steps (11000) is not divisible by cycle_length (65000). Setting cycle_length to num_training_steps to avoid restarts.
Initializing RL_AdamW_Wrapper with max_lr=0.003, min_lr=0.00030000000000000003
RL Optimizer: Controlling 75 tensors individually.
SUCCESS: Loaded RL Agent from checkpoints/rl_agents_meta_run/agent_epoch3_final.pth
Warning: num_training_steps (11000) is not divisible by cycle_length (65000). Setting cycle_length to num_training_steps to avoid restarts.
Rank 4 stopping training.
Rank 6 stopping training.Rank 7 stopping training.Rank 1 stopping training.


Rank 2 stopping training.
Rank 5 stopping training.
Rank 0 stopping training.
Rank 3 stopping training.
Rank 3 finished successfullyRank 4 finished successfullyRank 6 finished successfullyRank 5 finished successfully
Rank 7 finished successfully



Rank 1 finished successfully
Rank 2 finished successfully
Rank 0 finished successfully
[1;34mwandb[0m: 
[1;34mwandb[0m: 🚀 View run [33mrl_adamw_meta_epoch4[0m at: [34m[0m
[1;34mwandb[0m: Find logs at: [1;35mwandb/run-20251218_072513-4hpcg4b5/logs[0m
✅ Epoch 4 completed successfully.
Success: Found output agent checkpoints/rl_agents_meta_run/agent_epoch4_final.pth
Epoch 4 finished.
----------------------------------------------------------
==========================================================
Starting Meta-Training Epoch: 5 / 30
==========================================================
Using Seed: 47
Curriculum Action Scale: 1.2105 (Range: 1.0 -> 2.0)
Epoch 5: Loading RL Agent from checkpoints/rl_agents_meta_run/agent_epoch4_final.pth
Starting script
Starting script
Starting script
Starting script
Starting script
Starting script
Starting script
Starting script
Initializing RL_AdamW_Wrapper with max_lr=0.003, min_lr=0.00030000000000000003
Initializing RL_AdamW_Wrapper with max_lr=0.003, min_lr=0.00030000000000000003
Warning: num_training_steps (11000) is not divisible by cycle_length (65000). Setting cycle_length to num_training_steps to avoid restarts.
Warning: num_training_steps (11000) is not divisible by cycle_length (65000). Setting cycle_length to num_training_steps to avoid restarts.
Initializing RL_AdamW_Wrapper with max_lr=0.003, min_lr=0.00030000000000000003
Warning: num_training_steps (11000) is not divisible by cycle_length (65000). Setting cycle_length to num_training_steps to avoid restarts.
Initializing RL_AdamW_Wrapper with max_lr=0.003, min_lr=0.00030000000000000003
Warning: num_training_steps (11000) is not divisible by cycle_length (65000). Setting cycle_length to num_training_steps to avoid restarts.
Initializing RL_AdamW_Wrapper with max_lr=0.003, min_lr=0.00030000000000000003
Warning: num_training_steps (11000) is not divisible by cycle_length (65000). Setting cycle_length to num_training_steps to avoid restarts.
Initializing RL_AdamW_Wrapper with max_lr=0.003, min_lr=0.00030000000000000003
Warning: num_training_steps (11000) is not divisible by cycle_length (65000). Setting cycle_length to num_training_steps to avoid restarts.
Initializing RL_AdamW_Wrapper with max_lr=0.003, min_lr=0.00030000000000000003
Warning: num_training_steps (11000) is not divisible by cycle_length (65000). Setting cycle_length to num_training_steps to avoid restarts.
Initializing RL_AdamW_Wrapper with max_lr=0.003, min_lr=0.00030000000000000003
RL Optimizer: Controlling 75 tensors individually.
SUCCESS: Loaded RL Agent from checkpoints/rl_agents_meta_run/agent_epoch4_final.pth
Warning: num_training_steps (11000) is not divisible by cycle_length (65000). Setting cycle_length to num_training_steps to avoid restarts.
Rank 4 stopping training.
Rank 3 stopping training.Rank 7 stopping training.
Rank 5 stopping training.Rank 6 stopping training.

Rank 1 stopping training.

Rank 2 stopping training.
Rank 0 stopping training.
Rank 2 finished successfullyRank 3 finished successfullyRank 1 finished successfully
Rank 4 finished successfullyRank 6 finished successfully
Rank 5 finished successfully



Rank 7 finished successfully
Rank 0 finished successfully
[1;34mwandb[0m: 
[1;34mwandb[0m: 🚀 View run [33mrl_adamw_meta_epoch5[0m at: [34m[0m
[1;34mwandb[0m: Find logs at: [1;35mwandb/run-20251218_090154-ikmk574a/logs[0m
✅ Epoch 5 completed successfully.
Success: Found output agent checkpoints/rl_agents_meta_run/agent_epoch5_final.pth
Epoch 5 finished.
----------------------------------------------------------
==========================================================
Starting Meta-Training Epoch: 6 / 30
==========================================================
Using Seed: 48
Curriculum Action Scale: 1.2632 (Range: 1.0 -> 2.0)
Epoch 6: Loading RL Agent from checkpoints/rl_agents_meta_run/agent_epoch5_final.pth
Starting script
Starting script
Starting script
Starting script
Starting script
Starting script
Starting script
Starting script
Initializing RL_AdamW_Wrapper with max_lr=0.003, min_lr=0.00030000000000000003
Warning: num_training_steps (11000) is not divisible by cycle_length (65000). Setting cycle_length to num_training_steps to avoid restarts.
Initializing RL_AdamW_Wrapper with max_lr=0.003, min_lr=0.00030000000000000003
Warning: num_training_steps (11000) is not divisible by cycle_length (65000). Setting cycle_length to num_training_steps to avoid restarts.
Initializing RL_AdamW_Wrapper with max_lr=0.003, min_lr=0.00030000000000000003
Initializing RL_AdamW_Wrapper with max_lr=0.003, min_lr=0.00030000000000000003
Warning: num_training_steps (11000) is not divisible by cycle_length (65000). Setting cycle_length to num_training_steps to avoid restarts.
Warning: num_training_steps (11000) is not divisible by cycle_length (65000). Setting cycle_length to num_training_steps to avoid restarts.
Initializing RL_AdamW_Wrapper with max_lr=0.003, min_lr=0.00030000000000000003
Initializing RL_AdamW_Wrapper with max_lr=0.003, min_lr=0.00030000000000000003
Warning: num_training_steps (11000) is not divisible by cycle_length (65000). Setting cycle_length to num_training_steps to avoid restarts.
Warning: num_training_steps (11000) is not divisible by cycle_length (65000). Setting cycle_length to num_training_steps to avoid restarts.
Initializing RL_AdamW_Wrapper with max_lr=0.003, min_lr=0.00030000000000000003
Warning: num_training_steps (11000) is not divisible by cycle_length (65000). Setting cycle_length to num_training_steps to avoid restarts.
Initializing RL_AdamW_Wrapper with max_lr=0.003, min_lr=0.00030000000000000003
RL Optimizer: Controlling 75 tensors individually.
SUCCESS: Loaded RL Agent from checkpoints/rl_agents_meta_run/agent_epoch5_final.pth
Warning: num_training_steps (11000) is not divisible by cycle_length (65000). Setting cycle_length to num_training_steps to avoid restarts.
Rank 4 stopping training.
Rank 1 stopping training.
Rank 5 stopping training.
Rank 6 stopping training.
Rank 2 stopping training.Rank 3 stopping training.
Rank 7 stopping training.

Rank 0 stopping training.
Rank 5 finished successfullyRank 2 finished successfully
Rank 3 finished successfully

Rank 1 finished successfully
Rank 4 finished successfully
Rank 7 finished successfullyRank 6 finished successfully

Rank 0 finished successfully
[1;34mwandb[0m: 
[1;34mwandb[0m: 🚀 View run [33mrl_adamw_meta_epoch6[0m at: [34m[0m
[1;34mwandb[0m: Find logs at: [1;35mwandb/run-20251218_093510-0ofxkp4t/logs[0m
✅ Epoch 6 completed successfully.
Success: Found output agent checkpoints/rl_agents_meta_run/agent_epoch6_final.pth
Epoch 6 finished.
----------------------------------------------------------
==========================================================
Starting Meta-Training Epoch: 7 / 30
==========================================================
Using Seed: 49
Curriculum Action Scale: 1.3158 (Range: 1.0 -> 2.0)
Epoch 7: Loading RL Agent from checkpoints/rl_agents_meta_run/agent_epoch6_final.pth
Starting script
Starting script
Starting script
Starting script
Starting script
Starting script
Starting script
Starting script
Initializing RL_AdamW_Wrapper with max_lr=0.003, min_lr=0.00030000000000000003
Warning: num_training_steps (11000) is not divisible by cycle_length (65000). Setting cycle_length to num_training_steps to avoid restarts.
Initializing RL_AdamW_Wrapper with max_lr=0.003, min_lr=0.00030000000000000003
Initializing RL_AdamW_Wrapper with max_lr=0.003, min_lr=0.00030000000000000003
Warning: num_training_steps (11000) is not divisible by cycle_length (65000). Setting cycle_length to num_training_steps to avoid restarts.
Warning: num_training_steps (11000) is not divisible by cycle_length (65000). Setting cycle_length to num_training_steps to avoid restarts.
Initializing RL_AdamW_Wrapper with max_lr=0.003, min_lr=0.00030000000000000003
Warning: num_training_steps (11000) is not divisible by cycle_length (65000). Setting cycle_length to num_training_steps to avoid restarts.
Initializing RL_AdamW_Wrapper with max_lr=0.003, min_lr=0.00030000000000000003
Initializing RL_AdamW_Wrapper with max_lr=0.003, min_lr=0.00030000000000000003
Warning: num_training_steps (11000) is not divisible by cycle_length (65000). Setting cycle_length to num_training_steps to avoid restarts.
Warning: num_training_steps (11000) is not divisible by cycle_length (65000). Setting cycle_length to num_training_steps to avoid restarts.
Initializing RL_AdamW_Wrapper with max_lr=0.003, min_lr=0.00030000000000000003
Warning: num_training_steps (11000) is not divisible by cycle_length (65000). Setting cycle_length to num_training_steps to avoid restarts.
Initializing RL_AdamW_Wrapper with max_lr=0.003, min_lr=0.00030000000000000003
RL Optimizer: Controlling 75 tensors individually.
SUCCESS: Loaded RL Agent from checkpoints/rl_agents_meta_run/agent_epoch6_final.pth
Warning: num_training_steps (11000) is not divisible by cycle_length (65000). Setting cycle_length to num_training_steps to avoid restarts.
Rank 0 stopping training.
Rank 1 stopping training.
Rank 2 stopping training.
Rank 3 stopping training.
Rank 5 stopping training.Rank 6 stopping training.

Rank 4 stopping training.
Rank 7 stopping training.
Rank 5 finished successfully
Rank 3 finished successfully
Rank 6 finished successfully
Rank 4 finished successfully
Rank 2 finished successfullyRank 1 finished successfully

Rank 7 finished successfully
Rank 0 finished successfully
[1;34mwandb[0m: 
[1;34mwandb[0m: 🚀 View run [33mrl_adamw_meta_epoch7[0m at: [34m[0m
[1;34mwandb[0m: Find logs at: [1;35mwandb/run-20251218_122519-9tcdtrks/logs[0m
✅ Epoch 7 completed successfully.
Success: Found output agent checkpoints/rl_agents_meta_run/agent_epoch7_final.pth
Epoch 7 finished.
----------------------------------------------------------
==========================================================
Starting Meta-Training Epoch: 8 / 30
==========================================================
Using Seed: 50
Curriculum Action Scale: 1.3684 (Range: 1.0 -> 2.0)
Epoch 8: Loading RL Agent from checkpoints/rl_agents_meta_run/agent_epoch7_final.pth
Starting script
Starting script
Starting script
Starting script
Starting script
Starting script
Starting script
Starting script
Initializing RL_AdamW_Wrapper with max_lr=0.003, min_lr=0.00030000000000000003
Initializing RL_AdamW_Wrapper with max_lr=0.003, min_lr=0.00030000000000000003
Warning: num_training_steps (11000) is not divisible by cycle_length (65000). Setting cycle_length to num_training_steps to avoid restarts.
Warning: num_training_steps (11000) is not divisible by cycle_length (65000). Setting cycle_length to num_training_steps to avoid restarts.
Initializing RL_AdamW_Wrapper with max_lr=0.003, min_lr=0.00030000000000000003
Initializing RL_AdamW_Wrapper with max_lr=0.003, min_lr=0.00030000000000000003
Warning: num_training_steps (11000) is not divisible by cycle_length (65000). Setting cycle_length to num_training_steps to avoid restarts.
Initializing RL_AdamW_Wrapper with max_lr=0.003, min_lr=0.00030000000000000003
Warning: num_training_steps (11000) is not divisible by cycle_length (65000). Setting cycle_length to num_training_steps to avoid restarts.
Warning: num_training_steps (11000) is not divisible by cycle_length (65000). Setting cycle_length to num_training_steps to avoid restarts.
Initializing RL_AdamW_Wrapper with max_lr=0.003, min_lr=0.00030000000000000003
Warning: num_training_steps (11000) is not divisible by cycle_length (65000). Setting cycle_length to num_training_steps to avoid restarts.
Initializing RL_AdamW_Wrapper with max_lr=0.003, min_lr=0.00030000000000000003
Warning: num_training_steps (11000) is not divisible by cycle_length (65000). Setting cycle_length to num_training_steps to avoid restarts.
Initializing RL_AdamW_Wrapper with max_lr=0.003, min_lr=0.00030000000000000003
RL Optimizer: Controlling 75 tensors individually.
SUCCESS: Loaded RL Agent from checkpoints/rl_agents_meta_run/agent_epoch7_final.pth
Warning: num_training_steps (11000) is not divisible by cycle_length (65000). Setting cycle_length to num_training_steps to avoid restarts.
Rank 4 stopping training.
Rank 5 stopping training.Rank 6 stopping training.

Rank 1 stopping training.
Rank 3 stopping training.
Rank 7 stopping training.
Rank 2 stopping training.
Rank 0 stopping training.
Rank 1 finished successfully
Rank 7 finished successfullyRank 5 finished successfully

Rank 6 finished successfullyRank 4 finished successfullyRank 3 finished successfullyRank 2 finished successfully



Rank 0 finished successfully
❌ Training failed at Epoch 8 with exit code 1 (Likely Loss Spike).
🔄 Restarting Epoch 8 in 10 seconds...
